18:35:53 **** Build of configuration Debug for project DDRTest ****
make pre-build main-build 
a9-linaro-pre-build-step
' '
'Building file: ../src/test01.c'
'Invoking: ARM v7 gcc compiler'
arm-none-eabi-gcc -Wall -O0 -g3 -c -fmessage-length=0 -MT"src/test01.o" -mcpu=cortex-a9 -mfpu=vfpv3 -mfloat-abi=hard -I../../DDRTest_bsp/ps7_cortexa9_0/include -MMD -MP -MF"src/test01.d" -MT"src/test01.o" -o "src/test01.o" "../src/test01.c"
'Finished building: ../src/test01.c'
' '
'Building file: ../src/translation_table.s'
'Invoking: ARM v7 gcc assembler'
arm-none-eabi-gcc -c  -o"src/translation_table.o" "../src/translation_table.s"
'Finished building: ../src/translation_table.s'
' '
'Building target: DDRTest.elf'
'Invoking: ARM v7 gcc linker'
arm-none-eabi-gcc -mcpu=cortex-a9 -mfpu=vfpv3 -mfloat-abi=hard -Wl,-build-id=none -specs=Xilinx.spec -Wl,-T -Wl,../src/lscript.ld -L../../DDRTest_bsp/ps7_cortexa9_0/lib -o "DDRTest.elf"  ./src/test01.o ./src/translation_table.o   -Wl,--start-group,-lxil,-lgcc,-lc,--end-group
'Finished building target: DDRTest.elf'
' '
'Invoking: ARM v7 Print Size'
arm-none-eabi-size DDRTest.elf  |tee "DDRTest.elf.size"
   text	   data	    bss	    dec	    hex	filename
 109436	   4820	  67232	 181488	  2c4f0	DDRTest.elf
'Finished building: DDRTest.elf.size'
' '

18:35:56 Build Finished (took 3s.485ms)

