#-----------------------------------------------------------
# Vivado v2018.1 (64-bit)
# SW Build 2188600 on Wed Apr  4 18:40:38 MDT 2018
# IP Build 2185939 on Wed Apr  4 20:55:05 MDT 2018
# Start of session at: Fri Oct 18 09:36:19 2019
# Process ID: 14580
# Current directory: E:/PhD_project/vivado_prjs/davisZynq/davis7z045AERandBiasCtrl
# Command line: vivado.exe -gui_launcher_event rodinguilauncherevent7056 E:\PhD_project\vivado_prjs\davisZynq\davis7z045AERandBiasCtrl\davis7z045AERandBiasCtrl.xpr
# Log file: E:/PhD_project/vivado_prjs/davisZynq/davis7z045AERandBiasCtrl/vivado.log
# Journal file: E:/PhD_project/vivado_prjs/davisZynq/davis7z045AERandBiasCtrl\vivado.jou
#-----------------------------------------------------------
start_gui
open_project E:/PhD_project/vivado_prjs/davisZynq/davis7z045AERandBiasCtrl/davis7z045AERandBiasCtrl.xpr
update_compile_order -fileset sources_1
open_bd_design {E:/PhD_project/vivado_prjs/davisZynq/davis7z045AERandBiasCtrl/davis7z045AERandBiasCtrl.srcs/sources_1/bd/brd/brd.bd}
open_bd_design {E:/PhD_project/vivado_prjs/davisZynq/davis7z045AERandBiasCtrl/davis7z045AERandBiasCtrl.srcs/sources_1/bd/brd/brd.bd}
open_hw
connect_hw_server
open_hw_target
set_property PROGRAM.FILE {E:/PhD_project/vivado_prjs/davisZynq/davis7z045AERandBiasCtrl/davis7z045AERandBiasCtrl.runs/impl_1/brd_wrapper.bit} [get_hw_devices xc7z045_1]
set_property PROBES.FILE {E:/PhD_project/vivado_prjs/davisZynq/davis7z045AERandBiasCtrl/davis7z045AERandBiasCtrl.runs/impl_1/brd_wrapper.ltx} [get_hw_devices xc7z045_1]
set_property FULL_PROBES.FILE {E:/PhD_project/vivado_prjs/davisZynq/davis7z045AERandBiasCtrl/davis7z045AERandBiasCtrl.runs/impl_1/brd_wrapper.ltx} [get_hw_devices xc7z045_1]
current_hw_device [get_hw_devices xc7z045_1]
refresh_hw_device [lindex [get_hw_devices xc7z045_1] 0]
display_hw_ila_data [ get_hw_ila_data hw_ila_data_1 -of_objects [get_hw_ilas -of_objects [get_hw_devices xc7z045_1] -filter {CELL_NAME=~"brd_i/system_ila_0/U0/ila_lib"}]]
display_hw_ila_data [ get_hw_ila_data hw_ila_data_2 -of_objects [get_hw_ilas -of_objects [get_hw_devices xc7z045_1] -filter {CELL_NAME=~"brd_i/system_ila_1/U0/ila_lib"}]]
run_hw_ila [get_hw_ilas -of_objects [get_hw_devices xc7z045_1] -filter {CELL_NAME=~"brd_i/system_ila_1/U0/ila_lib"}] -trigger_now
wait_on_hw_ila [get_hw_ilas -of_objects [get_hw_devices xc7z045_1] -filter {CELL_NAME=~"brd_i/system_ila_1/U0/ila_lib"}]
display_hw_ila_data [upload_hw_ila_data [get_hw_ilas -of_objects [get_hw_devices xc7z045_1] -filter {CELL_NAME=~"brd_i/system_ila_1/U0/ila_lib"}]]
refresh_hw_device [lindex [get_hw_devices xc7z045_1] 0]
display_hw_ila_data [ get_hw_ila_data hw_ila_data_1 -of_objects [get_hw_ilas -of_objects [get_hw_devices xc7z045_1] -filter {CELL_NAME=~"brd_i/system_ila_0/U0/ila_lib"}]]
display_hw_ila_data [ get_hw_ila_data hw_ila_data_2 -of_objects [get_hw_ilas -of_objects [get_hw_devices xc7z045_1] -filter {CELL_NAME=~"brd_i/system_ila_1/U0/ila_lib"}]]
run_hw_ila [get_hw_ilas -of_objects [get_hw_devices xc7z045_1] -filter {CELL_NAME=~"brd_i/system_ila_1/U0/ila_lib"}] -trigger_now
wait_on_hw_ila [get_hw_ilas -of_objects [get_hw_devices xc7z045_1] -filter {CELL_NAME=~"brd_i/system_ila_1/U0/ila_lib"}]
display_hw_ila_data [upload_hw_ila_data [get_hw_ilas -of_objects [get_hw_devices xc7z045_1] -filter {CELL_NAME=~"brd_i/system_ila_1/U0/ila_lib"}]]
refresh_hw_device [lindex [get_hw_devices xc7z045_1] 0]
display_hw_ila_data [ get_hw_ila_data hw_ila_data_1 -of_objects [get_hw_ilas -of_objects [get_hw_devices xc7z045_1] -filter {CELL_NAME=~"brd_i/system_ila_0/U0/ila_lib"}]]
display_hw_ila_data [ get_hw_ila_data hw_ila_data_2 -of_objects [get_hw_ilas -of_objects [get_hw_devices xc7z045_1] -filter {CELL_NAME=~"brd_i/system_ila_1/U0/ila_lib"}]]
run_hw_ila [get_hw_ilas -of_objects [get_hw_devices xc7z045_1] -filter {CELL_NAME=~"brd_i/system_ila_1/U0/ila_lib"}] -trigger_now
wait_on_hw_ila [get_hw_ilas -of_objects [get_hw_devices xc7z045_1] -filter {CELL_NAME=~"brd_i/system_ila_1/U0/ila_lib"}]
display_hw_ila_data [upload_hw_ila_data [get_hw_ilas -of_objects [get_hw_devices xc7z045_1] -filter {CELL_NAME=~"brd_i/system_ila_1/U0/ila_lib"}]]
open_bd_design {E:/PhD_project/vivado_prjs/davisZynq/davis7z045AERandBiasCtrl/davis7z045AERandBiasCtrl.srcs/sources_1/bd/brd/brd.bd}
update_module_reference brd_testAERDVSSM_0_0
update_module_reference brd_testAERDVSSM_0_0
reset_run synth_1
launch_runs impl_1 -to_step write_bitstream -jobs 8
wait_on_run impl_1
file copy -force E:/PhD_project/vivado_prjs/davisZynq/davis7z045AERandBiasCtrl/davis7z045AERandBiasCtrl.runs/impl_1/brd_wrapper.sysdef E:/PhD_project/vivado_prjs/davisZynq/davis7z045AERandBiasCtrl/davis7z045AERandBiasCtrl.sdk/brd_wrapper.hdf

refresh_hw_device [lindex [get_hw_devices xc7z045_1] 0]
display_hw_ila_data [ get_hw_ila_data hw_ila_data_1 -of_objects [get_hw_ilas -of_objects [get_hw_devices xc7z045_1] -filter {CELL_NAME=~"brd_i/system_ila_0/U0/ila_lib"}]]
display_hw_ila_data [ get_hw_ila_data hw_ila_data_2 -of_objects [get_hw_ilas -of_objects [get_hw_devices xc7z045_1] -filter {CELL_NAME=~"brd_i/system_ila_1/U0/ila_lib"}]]
run_hw_ila [get_hw_ilas -of_objects [get_hw_devices xc7z045_1] -filter {CELL_NAME=~"brd_i/system_ila_0/U0/ila_lib"}] -trigger_now
wait_on_hw_ila [get_hw_ilas -of_objects [get_hw_devices xc7z045_1] -filter {CELL_NAME=~"brd_i/system_ila_0/U0/ila_lib"}]
display_hw_ila_data [upload_hw_ila_data [get_hw_ilas -of_objects [get_hw_devices xc7z045_1] -filter {CELL_NAME=~"brd_i/system_ila_0/U0/ila_lib"}]]
run_hw_ila [get_hw_ilas -of_objects [get_hw_devices xc7z045_1] -filter {CELL_NAME=~"brd_i/system_ila_1/U0/ila_lib"}] -trigger_now
wait_on_hw_ila [get_hw_ilas -of_objects [get_hw_devices xc7z045_1] -filter {CELL_NAME=~"brd_i/system_ila_1/U0/ila_lib"}]
display_hw_ila_data [upload_hw_ila_data [get_hw_ilas -of_objects [get_hw_devices xc7z045_1] -filter {CELL_NAME=~"brd_i/system_ila_1/U0/ila_lib"}]]
run_hw_ila [get_hw_ilas -of_objects [get_hw_devices xc7z045_1] -filter {CELL_NAME=~"brd_i/system_ila_0/U0/ila_lib"}] -trigger_now
wait_on_hw_ila [get_hw_ilas -of_objects [get_hw_devices xc7z045_1] -filter {CELL_NAME=~"brd_i/system_ila_0/U0/ila_lib"}]
display_hw_ila_data [upload_hw_ila_data [get_hw_ilas -of_objects [get_hw_devices xc7z045_1] -filter {CELL_NAME=~"brd_i/system_ila_0/U0/ila_lib"}]]
run_hw_ila [get_hw_ilas -of_objects [get_hw_devices xc7z045_1] -filter {CELL_NAME=~"brd_i/system_ila_1/U0/ila_lib"}] -trigger_now
wait_on_hw_ila [get_hw_ilas -of_objects [get_hw_devices xc7z045_1] -filter {CELL_NAME=~"brd_i/system_ila_1/U0/ila_lib"}]
display_hw_ila_data [upload_hw_ila_data [get_hw_ilas -of_objects [get_hw_devices xc7z045_1] -filter {CELL_NAME=~"brd_i/system_ila_1/U0/ila_lib"}]]
refresh_hw_device [lindex [get_hw_devices xc7z045_1] 0]
display_hw_ila_data [ get_hw_ila_data hw_ila_data_1 -of_objects [get_hw_ilas -of_objects [get_hw_devices xc7z045_1] -filter {CELL_NAME=~"brd_i/system_ila_0/U0/ila_lib"}]]
display_hw_ila_data [ get_hw_ila_data hw_ila_data_2 -of_objects [get_hw_ilas -of_objects [get_hw_devices xc7z045_1] -filter {CELL_NAME=~"brd_i/system_ila_1/U0/ila_lib"}]]
run_hw_ila [get_hw_ilas -of_objects [get_hw_devices xc7z045_1] -filter {CELL_NAME=~"brd_i/system_ila_0/U0/ila_lib"}] -trigger_now
wait_on_hw_ila [get_hw_ilas -of_objects [get_hw_devices xc7z045_1] -filter {CELL_NAME=~"brd_i/system_ila_0/U0/ila_lib"}]
display_hw_ila_data [upload_hw_ila_data [get_hw_ilas -of_objects [get_hw_devices xc7z045_1] -filter {CELL_NAME=~"brd_i/system_ila_0/U0/ila_lib"}]]
run_hw_ila [get_hw_ilas -of_objects [get_hw_devices xc7z045_1] -filter {CELL_NAME=~"brd_i/system_ila_0/U0/ila_lib"}] -trigger_now
wait_on_hw_ila [get_hw_ilas -of_objects [get_hw_devices xc7z045_1] -filter {CELL_NAME=~"brd_i/system_ila_0/U0/ila_lib"}]
display_hw_ila_data [upload_hw_ila_data [get_hw_ilas -of_objects [get_hw_devices xc7z045_1] -filter {CELL_NAME=~"brd_i/system_ila_0/U0/ila_lib"}]]
refresh_hw_device [lindex [get_hw_devices xc7z045_1] 0]
display_hw_ila_data [ get_hw_ila_data hw_ila_data_1 -of_objects [get_hw_ilas -of_objects [get_hw_devices xc7z045_1] -filter {CELL_NAME=~"brd_i/system_ila_0/U0/ila_lib"}]]
display_hw_ila_data [ get_hw_ila_data hw_ila_data_2 -of_objects [get_hw_ilas -of_objects [get_hw_devices xc7z045_1] -filter {CELL_NAME=~"brd_i/system_ila_1/U0/ila_lib"}]]
run_hw_ila [get_hw_ilas -of_objects [get_hw_devices xc7z045_1] -filter {CELL_NAME=~"brd_i/system_ila_0/U0/ila_lib"}]\
   [get_hw_ilas -of_objects [get_hw_devices xc7z045_1] -filter {CELL_NAME=~"brd_i/system_ila_1/U0/ila_lib"}] -trigger_now
wait_on_hw_ila [get_hw_ilas -of_objects [get_hw_devices xc7z045_1] -filter {CELL_NAME=~"brd_i/system_ila_0/U0/ila_lib"}]\
  [get_hw_ilas -of_objects [get_hw_devices xc7z045_1] -filter {CELL_NAME=~"brd_i/system_ila_1/U0/ila_lib"}]
display_hw_ila_data [upload_hw_ila_data [get_hw_ilas -of_objects [get_hw_devices xc7z045_1] -filter {CELL_NAME=~"brd_i/system_ila_0/U0/ila_lib"}]]
display_hw_ila_data [upload_hw_ila_data [get_hw_ilas -of_objects [get_hw_devices xc7z045_1] -filter {CELL_NAME=~"brd_i/system_ila_1/U0/ila_lib"}]]
refresh_hw_device [lindex [get_hw_devices xc7z045_1] 0]
display_hw_ila_data [ get_hw_ila_data hw_ila_data_1 -of_objects [get_hw_ilas -of_objects [get_hw_devices xc7z045_1] -filter {CELL_NAME=~"brd_i/system_ila_0/U0/ila_lib"}]]
display_hw_ila_data [ get_hw_ila_data hw_ila_data_2 -of_objects [get_hw_ilas -of_objects [get_hw_devices xc7z045_1] -filter {CELL_NAME=~"brd_i/system_ila_1/U0/ila_lib"}]]
run_hw_ila [get_hw_ilas -of_objects [get_hw_devices xc7z045_1] -filter {CELL_NAME=~"brd_i/system_ila_0/U0/ila_lib"}] -trigger_now
wait_on_hw_ila [get_hw_ilas -of_objects [get_hw_devices xc7z045_1] -filter {CELL_NAME=~"brd_i/system_ila_0/U0/ila_lib"}]
display_hw_ila_data [upload_hw_ila_data [get_hw_ilas -of_objects [get_hw_devices xc7z045_1] -filter {CELL_NAME=~"brd_i/system_ila_0/U0/ila_lib"}]]
run_hw_ila [get_hw_ilas -of_objects [get_hw_devices xc7z045_1] -filter {CELL_NAME=~"brd_i/system_ila_0/U0/ila_lib"}] -trigger_now
wait_on_hw_ila [get_hw_ilas -of_objects [get_hw_devices xc7z045_1] -filter {CELL_NAME=~"brd_i/system_ila_0/U0/ila_lib"}]
display_hw_ila_data [upload_hw_ila_data [get_hw_ilas -of_objects [get_hw_devices xc7z045_1] -filter {CELL_NAME=~"brd_i/system_ila_0/U0/ila_lib"}]]
run_hw_ila [get_hw_ilas -of_objects [get_hw_devices xc7z045_1] -filter {CELL_NAME=~"brd_i/system_ila_0/U0/ila_lib"}] -trigger_now
wait_on_hw_ila [get_hw_ilas -of_objects [get_hw_devices xc7z045_1] -filter {CELL_NAME=~"brd_i/system_ila_0/U0/ila_lib"}]
display_hw_ila_data [upload_hw_ila_data [get_hw_ilas -of_objects [get_hw_devices xc7z045_1] -filter {CELL_NAME=~"brd_i/system_ila_0/U0/ila_lib"}]]
run_hw_ila [get_hw_ilas -of_objects [get_hw_devices xc7z045_1] -filter {CELL_NAME=~"brd_i/system_ila_0/U0/ila_lib"}] -trigger_now
wait_on_hw_ila [get_hw_ilas -of_objects [get_hw_devices xc7z045_1] -filter {CELL_NAME=~"brd_i/system_ila_0/U0/ila_lib"}]
display_hw_ila_data [upload_hw_ila_data [get_hw_ilas -of_objects [get_hw_devices xc7z045_1] -filter {CELL_NAME=~"brd_i/system_ila_0/U0/ila_lib"}]]
open_bd_design {E:/PhD_project/vivado_prjs/davisZynq/davis7z045AERandBiasCtrl/davis7z045AERandBiasCtrl.srcs/sources_1/bd/brd/brd.bd}
reset_run synth_1
launch_runs synth_1 -jobs 8
wait_on_run synth_1
launch_runs impl_1 -jobs 8
wait_on_run impl_1
reset_target all [get_files  E:/PhD_project/vivado_prjs/davisZynq/davis7z045AERandBiasCtrl/davis7z045AERandBiasCtrl.srcs/sources_1/bd/brd/brd.bd]
export_ip_user_files -of_objects  [get_files  E:/PhD_project/vivado_prjs/davisZynq/davis7z045AERandBiasCtrl/davis7z045AERandBiasCtrl.srcs/sources_1/bd/brd/brd.bd] -sync -no_script -force -quiet
delete_ip_run [get_files -of_objects [get_fileset sources_1] E:/PhD_project/vivado_prjs/davisZynq/davis7z045AERandBiasCtrl/davis7z045AERandBiasCtrl.srcs/sources_1/bd/brd/brd.bd]
reset_run synth_1
launch_runs synth_1 -jobs 8
wait_on_run synth_1
reset_target all [get_files  E:/PhD_project/vivado_prjs/davisZynq/davis7z045AERandBiasCtrl/davis7z045AERandBiasCtrl.srcs/sources_1/bd/brd/brd.bd]
export_ip_user_files -of_objects  [get_files  E:/PhD_project/vivado_prjs/davisZynq/davis7z045AERandBiasCtrl/davis7z045AERandBiasCtrl.srcs/sources_1/bd/brd/brd.bd] -sync -no_script -force -quiet
delete_ip_run [get_files -of_objects [get_fileset sources_1] E:/PhD_project/vivado_prjs/davisZynq/davis7z045AERandBiasCtrl/davis7z045AERandBiasCtrl.srcs/sources_1/bd/brd/brd.bd]
update_compile_order -fileset sources_1
update_compile_order -fileset sources_1
update_module_reference brd_testAERDVSSM_0_0
update_module_reference brd_testAERDVSSM_0_0
update_compile_order -fileset sources_1
update_compile_order -fileset sources_1
reset_target all [get_files  E:/PhD_project/vivado_prjs/davisZynq/davis7z045AERandBiasCtrl/davis7z045AERandBiasCtrl.srcs/sources_1/bd/brd/brd.bd]
export_ip_user_files -of_objects  [get_files  E:/PhD_project/vivado_prjs/davisZynq/davis7z045AERandBiasCtrl/davis7z045AERandBiasCtrl.srcs/sources_1/bd/brd/brd.bd] -sync -no_script -force -quiet
update_module_reference brd_testAERDVSSM_0_0
update_compile_order -fileset sources_1
update_compile_order -fileset sources_1
update_compile_order -fileset sources_1
update_module_reference brd_testAERDVSSM_0_0
update_module_reference brd_testAERDVSSM_0_0
reset_run synth_1
launch_runs synth_1 -jobs 8
wait_on_run synth_1
update_module_reference brd_testAERDVSSM_0_0
reset_run synth_1
launch_runs impl_1 -to_step write_bitstream -jobs 8
wait_on_run impl_1
close [ open E:/PhD_project/vivado_prjs/davisZynq/davis7z045AERandBiasCtrl/davis7z045AERandBiasCtrl.srcs/sources_1/new/tmp.vhd w ]
add_files E:/PhD_project/vivado_prjs/davisZynq/davis7z045AERandBiasCtrl/davis7z045AERandBiasCtrl.srcs/sources_1/new/tmp.vhd
update_compile_order -fileset sources_1
update_compile_order -fileset sources_1
update_compile_order -fileset sources_1
update_compile_order -fileset sources_1
update_module_reference brd_testAERDVSSM_0_0
export_ip_user_files -of_objects  [get_files E:/PhD_project/vivado_prjs/davisZynq/davis7z045AERandBiasCtrl/davis7z045AERandBiasCtrl.srcs/sources_1/new/tmp.vhd] -no_script -reset -force -quiet
remove_files  E:/PhD_project/vivado_prjs/davisZynq/davis7z045AERandBiasCtrl/davis7z045AERandBiasCtrl.srcs/sources_1/new/tmp.vhd
export_ip_user_files -of_objects  [get_files E:/PhD_project/vivado_prjs/davisZynq/davis7z045AERandBiasCtrl/davis7z045AERandBiasCtrl.srcs/sources_1/new/FIFOTest.vhd] -no_script -reset -force -quiet
remove_files  E:/PhD_project/vivado_prjs/davisZynq/davis7z045AERandBiasCtrl/davis7z045AERandBiasCtrl.srcs/sources_1/new/FIFOTest.vhd
export_ip_user_files -of_objects  [get_files E:/PhD_project/vivado_prjs/davisZynq/davis7z045AERandBiasCtrl/davis7z045AERandBiasCtrl.srcs/sources_1/new/DAVIS346a.vhd] -no_script -reset -force -quiet
remove_files  E:/PhD_project/vivado_prjs/davisZynq/davis7z045AERandBiasCtrl/davis7z045AERandBiasCtrl.srcs/sources_1/new/DAVIS346a.vhd
update_compile_order -fileset sources_1
update_module_reference brd_testAERDVSSM_0_0
reset_run synth_1
launch_runs synth_1 -jobs 8
wait_on_run synth_1
update_module_reference brd_testAERDVSSM_0_0
reset_run synth_1
launch_runs synth_1 -jobs 8
wait_on_run synth_1
update_module_reference brd_testAERDVSSM_0_0
reset_run synth_1
update_module_reference brd_testAERDVSSM_0_0
launch_runs synth_1 -jobs 8
wait_on_run synth_1
update_module_reference brd_testAERDVSSM_0_0
reset_run synth_1
launch_runs synth_1 -jobs 8
wait_on_run synth_1
update_module_reference brd_testAERDVSSM_0_0
reset_run synth_1
launch_runs synth_1 -jobs 8
wait_on_run synth_1
update_module_reference brd_testAERDVSSM_0_0
reset_run synth_1
launch_runs synth_1 -jobs 8
wait_on_run synth_1
update_module_reference brd_testAERDVSSM_0_0
update_module_reference brd_testAERDVSSM_0_0
update_module_reference brd_testAERDVSSM_0_0
update_module_reference brd_testAERDVSSM_0_0
reset_run synth_1
launch_runs synth_1 -jobs 8
wait_on_run synth_1
update_module_reference brd_testAERDVSSM_0_0
update_module_reference brd_testAERDVSSM_0_0
reset_run synth_1
launch_runs synth_1 -jobs 8
wait_on_run synth_1
update_module_reference brd_testAERDVSSM_0_0
reset_run synth_1
launch_runs synth_1 -jobs 8
wait_on_run synth_1
update_module_reference brd_testAERDVSSM_0_0
reset_run synth_1
launch_runs synth_1 -jobs 8
wait_on_run synth_1
update_module_reference brd_testAERDVSSM_0_0
reset_run synth_1
launch_runs synth_1 -jobs 8
wait_on_run synth_1
reset_run brd_testAERDVSSM_0_0_synth_1
reset_run synth_1
update_module_reference brd_testAERDVSSM_0_0
launch_runs synth_1 -jobs 8
wait_on_run synth_1
launch_runs impl_1 -to_step write_bitstream -jobs 8
wait_on_run impl_1
open_bd_design {E:/PhD_project/vivado_prjs/davisZynq/davis7z045AERandBiasCtrl/davis7z045AERandBiasCtrl.srcs/sources_1/bd/brd/brd.bd}
update_module_reference brd_testAERDVSSM_0_0
regenerate_bd_layout
save_bd_design
reset_run synth_1
launch_runs impl_1 -to_step write_bitstream -jobs 8
wait_on_run impl_1
reset_run synth_1
reset_run brd_testAERDVSSM_0_0_synth_1
launch_runs impl_1 -to_step write_bitstream -jobs 8
wait_on_run impl_1
update_module_reference brd_testAERDVSSM_0_0
reset_run synth_1
launch_runs impl_1 -to_step write_bitstream -jobs 8
wait_on_run impl_1
open_bd_design {E:/PhD_project/vivado_prjs/davisZynq/davis7z045AERandBiasCtrl/davis7z045AERandBiasCtrl.srcs/sources_1/bd/brd/brd.bd}
reset_run synth_1
reset_run brd_testAERDVSSM_0_0_synth_1
update_module_reference brd_testAERDVSSM_0_0
launch_runs impl_1 -to_step write_bitstream -jobs 8
wait_on_run impl_1
reset_target all [get_files  E:/PhD_project/vivado_prjs/davisZynq/davis7z045AERandBiasCtrl/davis7z045AERandBiasCtrl.srcs/sources_1/bd/brd/brd.bd]
export_ip_user_files -of_objects  [get_files  E:/PhD_project/vivado_prjs/davisZynq/davis7z045AERandBiasCtrl/davis7z045AERandBiasCtrl.srcs/sources_1/bd/brd/brd.bd] -sync -no_script -force -quiet
delete_ip_run [get_files -of_objects [get_fileset sources_1] E:/PhD_project/vivado_prjs/davisZynq/davis7z045AERandBiasCtrl/davis7z045AERandBiasCtrl.srcs/sources_1/bd/brd/brd.bd]
reset_run synth_1
launch_runs impl_1 -to_step write_bitstream -jobs 8
wait_on_run impl_1
startgroup
set_property -dict [list CONFIG.C_BRAM_CNT {4} CONFIG.C_NUM_OF_PROBES {4}] [get_bd_cells system_ila_1]
delete_bd_objs [get_bd_nets testAERDVSSM_0_SPIOutputSRegMode_D_Debug] [get_bd_nets testAERDVSSM_0_ParamOutput_DP_Debug] [get_bd_nets testAERDVSSM_0_SPIBitCount_D_Debug] [get_bd_nets testAERDVSSM_0_SPIInputSRegMode_D_Debug] [get_bd_nets testAERDVSSM_0_ReadOperationReg_SP_Debug] [get_bd_nets testAERDVSSM_0_ConfigLatchInput_S_Debug]
endgroup
save_bd_design
launch_runs impl_1 -to_step write_bitstream -jobs 8
wait_on_run impl_1
file copy -force E:/PhD_project/vivado_prjs/davisZynq/davis7z045AERandBiasCtrl/davis7z045AERandBiasCtrl.runs/impl_1/brd_wrapper.sysdef E:/PhD_project/vivado_prjs/davisZynq/davis7z045AERandBiasCtrl/davis7z045AERandBiasCtrl.sdk/brd_wrapper.hdf

refresh_hw_device [lindex [get_hw_devices xc7z045_1] 0]
display_hw_ila_data [ get_hw_ila_data hw_ila_data_1 -of_objects [get_hw_ilas -of_objects [get_hw_devices xc7z045_1] -filter {CELL_NAME=~"brd_i/system_ila_0/U0/ila_lib"}]]
display_hw_ila_data [ get_hw_ila_data hw_ila_data_2 -of_objects [get_hw_ilas -of_objects [get_hw_devices xc7z045_1] -filter {CELL_NAME=~"brd_i/system_ila_1/U0/ila_lib"}]]
run_hw_ila [get_hw_ilas -of_objects [get_hw_devices xc7z045_1] -filter {CELL_NAME=~"brd_i/system_ila_0/U0/ila_lib"}]\
   [get_hw_ilas -of_objects [get_hw_devices xc7z045_1] -filter {CELL_NAME=~"brd_i/system_ila_1/U0/ila_lib"}] -trigger_now
wait_on_hw_ila [get_hw_ilas -of_objects [get_hw_devices xc7z045_1] -filter {CELL_NAME=~"brd_i/system_ila_0/U0/ila_lib"}]\
  [get_hw_ilas -of_objects [get_hw_devices xc7z045_1] -filter {CELL_NAME=~"brd_i/system_ila_1/U0/ila_lib"}]
display_hw_ila_data [upload_hw_ila_data [get_hw_ilas -of_objects [get_hw_devices xc7z045_1] -filter {CELL_NAME=~"brd_i/system_ila_0/U0/ila_lib"}]]
display_hw_ila_data [upload_hw_ila_data [get_hw_ilas -of_objects [get_hw_devices xc7z045_1] -filter {CELL_NAME=~"brd_i/system_ila_1/U0/ila_lib"}]]
run_hw_ila [get_hw_ilas -of_objects [get_hw_devices xc7z045_1] -filter {CELL_NAME=~"brd_i/system_ila_0/U0/ila_lib"}] -trigger_now
wait_on_hw_ila [get_hw_ilas -of_objects [get_hw_devices xc7z045_1] -filter {CELL_NAME=~"brd_i/system_ila_0/U0/ila_lib"}]
display_hw_ila_data [upload_hw_ila_data [get_hw_ilas -of_objects [get_hw_devices xc7z045_1] -filter {CELL_NAME=~"brd_i/system_ila_0/U0/ila_lib"}]]
run_hw_ila [get_hw_ilas -of_objects [get_hw_devices xc7z045_1] -filter {CELL_NAME=~"brd_i/system_ila_1/U0/ila_lib"}] -trigger_now
wait_on_hw_ila [get_hw_ilas -of_objects [get_hw_devices xc7z045_1] -filter {CELL_NAME=~"brd_i/system_ila_1/U0/ila_lib"}]
display_hw_ila_data [upload_hw_ila_data [get_hw_ilas -of_objects [get_hw_devices xc7z045_1] -filter {CELL_NAME=~"brd_i/system_ila_1/U0/ila_lib"}]]
refresh_hw_device [lindex [get_hw_devices xc7z045_1] 0]
display_hw_ila_data [ get_hw_ila_data hw_ila_data_1 -of_objects [get_hw_ilas -of_objects [get_hw_devices xc7z045_1] -filter {CELL_NAME=~"brd_i/system_ila_0/U0/ila_lib"}]]
display_hw_ila_data [ get_hw_ila_data hw_ila_data_2 -of_objects [get_hw_ilas -of_objects [get_hw_devices xc7z045_1] -filter {CELL_NAME=~"brd_i/system_ila_1/U0/ila_lib"}]]
run_hw_ila [get_hw_ilas -of_objects [get_hw_devices xc7z045_1] -filter {CELL_NAME=~"brd_i/system_ila_0/U0/ila_lib"}]\
   [get_hw_ilas -of_objects [get_hw_devices xc7z045_1] -filter {CELL_NAME=~"brd_i/system_ila_1/U0/ila_lib"}] -trigger_now
wait_on_hw_ila [get_hw_ilas -of_objects [get_hw_devices xc7z045_1] -filter {CELL_NAME=~"brd_i/system_ila_0/U0/ila_lib"}]\
  [get_hw_ilas -of_objects [get_hw_devices xc7z045_1] -filter {CELL_NAME=~"brd_i/system_ila_1/U0/ila_lib"}]
display_hw_ila_data [upload_hw_ila_data [get_hw_ilas -of_objects [get_hw_devices xc7z045_1] -filter {CELL_NAME=~"brd_i/system_ila_0/U0/ila_lib"}]]
display_hw_ila_data [upload_hw_ila_data [get_hw_ilas -of_objects [get_hw_devices xc7z045_1] -filter {CELL_NAME=~"brd_i/system_ila_1/U0/ila_lib"}]]
open_bd_design {E:/PhD_project/vivado_prjs/davisZynq/davis7z045AERandBiasCtrl/davis7z045AERandBiasCtrl.srcs/sources_1/bd/brd/brd.bd}
refresh_hw_device [lindex [get_hw_devices xc7z045_1] 0]
display_hw_ila_data [ get_hw_ila_data hw_ila_data_1 -of_objects [get_hw_ilas -of_objects [get_hw_devices xc7z045_1] -filter {CELL_NAME=~"brd_i/system_ila_0/U0/ila_lib"}]]
display_hw_ila_data [ get_hw_ila_data hw_ila_data_2 -of_objects [get_hw_ilas -of_objects [get_hw_devices xc7z045_1] -filter {CELL_NAME=~"brd_i/system_ila_1/U0/ila_lib"}]]
run_hw_ila [get_hw_ilas -of_objects [get_hw_devices xc7z045_1] -filter {CELL_NAME=~"brd_i/system_ila_0/U0/ila_lib"}]\
   [get_hw_ilas -of_objects [get_hw_devices xc7z045_1] -filter {CELL_NAME=~"brd_i/system_ila_1/U0/ila_lib"}] -trigger_now
wait_on_hw_ila [get_hw_ilas -of_objects [get_hw_devices xc7z045_1] -filter {CELL_NAME=~"brd_i/system_ila_0/U0/ila_lib"}]\
  [get_hw_ilas -of_objects [get_hw_devices xc7z045_1] -filter {CELL_NAME=~"brd_i/system_ila_1/U0/ila_lib"}]
display_hw_ila_data [upload_hw_ila_data [get_hw_ilas -of_objects [get_hw_devices xc7z045_1] -filter {CELL_NAME=~"brd_i/system_ila_0/U0/ila_lib"}]]
display_hw_ila_data [upload_hw_ila_data [get_hw_ilas -of_objects [get_hw_devices xc7z045_1] -filter {CELL_NAME=~"brd_i/system_ila_1/U0/ila_lib"}]]
open_bd_design {E:/PhD_project/vivado_prjs/davisZynq/davis7z045AERandBiasCtrl/davis7z045AERandBiasCtrl.srcs/sources_1/bd/brd/brd.bd}
open_bd_design {E:/PhD_project/vivado_prjs/davisZynq/davis7z045AERandBiasCtrl/davis7z045AERandBiasCtrl.srcs/sources_1/bd/brd/brd.bd}
update_module_reference brd_testAERDVSSM_0_0
reset_run synth_1
launch_runs impl_1 -to_step write_bitstream -jobs 8
reset_target all [get_files  E:/PhD_project/vivado_prjs/davisZynq/davis7z045AERandBiasCtrl/davis7z045AERandBiasCtrl.srcs/sources_1/bd/brd/brd.bd]
export_ip_user_files -of_objects  [get_files  E:/PhD_project/vivado_prjs/davisZynq/davis7z045AERandBiasCtrl/davis7z045AERandBiasCtrl.srcs/sources_1/bd/brd/brd.bd] -sync -no_script -force -quiet
delete_ip_run [get_files -of_objects [get_fileset sources_1] E:/PhD_project/vivado_prjs/davisZynq/davis7z045AERandBiasCtrl/davis7z045AERandBiasCtrl.srcs/sources_1/bd/brd/brd.bd]
launch_runs impl_1 -to_step write_bitstream -jobs 8
launch_runs impl_1 -to_step write_bitstream -jobs 8
